// Jest Snapshot v1, https://goo.gl/fbAQLP

exports[`AppController (e2e) /api (GET) API Information 1`] = `
Object {
  "author": "thatkookooguy <neilkalman@gmail.com>",
  "bugs": "https://github.com/Kibibit/achievibit/issues",
  "description": "<DESCRIPTION>",
  "license": "MIT",
  "name": "@kibibit/achievibit",
  "repository": "https://github.com/Kibibit/achievibit.git",
  "version": "0.0.0-development",
}
`;
