// Jest Snapshot v1, https://goo.gl/fbAQLP

exports[`AppController (e2e) / (POST) from github ping event should create db repo 1`] = `"NewConnection"`;

exports[`AppController (e2e) / (POST) from github ping event should create db repo 2`] = `
Array [
  Object {
    "fullname": "Thatkookooguy/test-new-achievibit-events",
    "name": "test-new-achievibit-events",
    "url": "https://github.com/Thatkookooguy/test-new-achievibit-events",
  },
]
`;

exports[`AppController (e2e) / (POST) from github pull request created event should create user 1`] = `"PullRequestOpened"`;

exports[`AppController (e2e) / (POST) from github pull request created event should create user 2`] = `
Array [
  Object {
    "achievements": Array [],
    "avatar": "https://avatars3.githubusercontent.com/u/10427304?v=4",
    "organizations": Array [],
    "repos": Array [],
    "url": "https://github.com/Thatkookooguy",
    "username": "Thatkookooguy",
    "users": Array [],
  },
]
`;

exports[`AppController (e2e) / (POST) from github pull request created event should create user 3`] = `
Array [
  Object {
    "fullname": "Thatkookooguy/test-new-achievibit-events",
    "name": "test-new-achievibit-events",
    "url": "https://github.com/Thatkookooguy/test-new-achievibit-events",
  },
]
`;
